10:27:06 **** Auto Build of configuration Debug for project mat ****
make all 
Building file: ../src/helloworld.c
Invoking: ARM v7 Linux gcc compiler
arm-linux-gnueabihf-gcc -Wall -O0 -g3 -c -fmessage-length=0 -MT"src/helloworld.o" -MMD -MP -MF"src/helloworld.d" -MT"src/helloworld.o" -o "src/helloworld.o" "../src/helloworld.c"
../src/helloworld.c: In function ‘bitreverse’:
../src/helloworld.c:11:1: warning: label ‘bit_reversal’ defined but not used [-Wunused-label]
 bit_reversal:
 ^~~~~~~~~~~~
../src/helloworld.c: In function ‘FFT_stages’:
../src/helloworld.c:25:1: warning: label ‘stage2’ defined but not used [-Wunused-label]
 stage2:
 ^~~~~~
../src/helloworld.c:20:1: warning: label ‘stage1’ defined but not used [-Wunused-label]
 stage1:
 ^~~~~~
../src/helloworld.c:19:27: warning: unused variable ‘temp2’ [-Wunused-variable]
   float complex temp1[N], temp2[N];
                           ^~~~~
Finished building: ../src/helloworld.c
 
Building target: mat.elf
Invoking: ARM v7 Linux gcc linker
arm-linux-gnueabihf-gcc  -o "mat.elf" ./src/helloworld.o   
Finished building target: mat.elf
 
Invoking: ARM v7 Linux Print Size
arm-linux-gnueabihf-size mat.elf  |tee "mat.elf.size"
   text	   data	    bss	    dec	    hex	filename
   3109	    284	      4	   3397	    d45	mat.elf
Finished building: mat.elf.size
 

10:27:08 Build Finished (took 1s.90ms)

